# Ensure build layout
# Check configuration tokens
# Preparing build
# Check requirements for android
# Search for Git (git)
#  -> found at /usr/bin/git
# Search for Cython (cython)
#  -> found at /home/babak/.local/bin/cython
# Search for Java compiler (javac)
#  -> found at /usr/bin/javac
# Search for Java keytool (keytool)
#  -> found at /usr/bin/keytool
# Install platform
# Run '/usr/bin/python3 -m pip install -q appdirs colorama>=0.3.3 jinja2 sh>=1.10, <2.0; sys_platform!="win32" build toml packaging setuptools' ...
# Cwd None
# Apache ANT found at /home/babak/.buildozer/android/platform/apache-ant-1.9.4
# Android SDK found at /home/babak/.buildozer/android/platform/android-sdk
# Recommended android's NDK version by p4a is: 25b
# Android NDK is missing, downloading
# Downloading https://dl.google.com/android/repository/android-ndk-r25b-linux.zip
Traceback (most recent call last):
  File "/home/babak/.local/bin/buildozer", line 6, in <module>
    sys.exit(main())
  File "/home/babak/.local/lib/python3.10/site-packages/buildozer/scripts/client.py", line 16, in main
    Buildozer().run_command(sys.argv[1:])
  File "/home/babak/.local/lib/python3.10/site-packages/buildozer/__init__.py", line 684, in run_command
    self.target.run_commands(args)
  File "/home/babak/.local/lib/python3.10/site-packages/buildozer/target.py", line 96, in run_commands
    func(args)
  File "/home/babak/.local/lib/python3.10/site-packages/buildozer/targets/android.py", line 1015, in cmd_debug
    super().cmd_debug(*args)
  File "/home/babak/.local/lib/python3.10/site-packages/buildozer/target.py", line 106, in cmd_debug
    self.buildozer.prepare_for_build()
  File "/home/babak/.local/lib/python3.10/site-packages/buildozer/__init__.py", line 91, in prepare_for_build
    self.target.install_platform()
  File "/home/babak/.local/lib/python3.10/site-packages/buildozer/targets/android.py", line 655, in install_platform
    self._install_android_ndk()
  File "/home/babak/.local/lib/python3.10/site-packages/buildozer/targets/android.py", line 473, in _install_android_ndk
    buildops.download(url,
  File "/home/babak/.local/lib/python3.10/site-packages/buildozer/buildops.py", line 416, in download
    with urlopen(request) as response:
  File "/usr/lib/python3.10/urllib/request.py", line 216, in urlopen
    return opener.open(url, data, timeout)
  File "/usr/lib/python3.10/urllib/request.py", line 525, in open
    response = meth(req, response)
  File "/usr/lib/python3.10/urllib/request.py", line 634, in http_response
    response = self.parent.error(
  File "/usr/lib/python3.10/urllib/request.py", line 563, in error
    return self._call_chain(*args)
  File "/usr/lib/python3.10/urllib/request.py", line 496, in _call_chain
    result = func(*args)
  File "/usr/lib/python3.10/urllib/request.py", line 643, in http_error_default
    raise HTTPError(req.full_url, code, msg, hdrs, fp)
urllib.error.HTTPError: HTTP Error 404: Not Found
