# Ensure build layout
# Create directory /home/babak/abg_analyzer_pro/.buildozer
# Create directory /home/babak/abg_analyzer_pro/.buildozer/applibs
# Create directory /home/babak/abg_analyzer_pro/.buildozer/android/platform
# Create directory /home/babak/abg_analyzer_pro/.buildozer/android/app
# Check configuration tokens
# Preparing build
# Check requirements for android
# Search for Git (git)
#  -> found at /usr/bin/git
# Search for Cython (cython)
#  -> found at /home/babak/.local/bin/cython
# Search for Java compiler (javac)
#  -> found at /usr/bin/javac
# Search for Java keytool (keytool)
#  -> found at /usr/bin/keytool
# Install platform
# Run 'git clone -b master --single-branch https://github.com/kivy/python-for-android.git python-for-android' ...
# Cwd /home/babak/abg_analyzer_pro/.buildozer/android/platform
Cloning into 'python-for-android'...
# Run '/usr/bin/python3 -m pip install -q --user appdirs colorama>=0.3.3 jinja2 sh>=2, <3.0; sys_platform!="win32" meson ninja build toml packaging setuptools wheel~=0.43.0' ...
# Cwd None
ERROR: pip's dependency resolver does not currently take into account all the packages that are installed. This behaviour is the source of the following dependency conflicts.
python-for-android 2024.1.21 requires sh<2.0,>=1.10; sys_platform != "win32", but you have sh 2.4.0 which is incompatible.

[notice] A new release of pip is available: 26.1.2 -> 26.2.1
[notice] To update, run: python3 -m pip install --upgrade pip
# Apache ANT found at /home/babak/.buildozer/android/platform/apache-ant-1.9.4
# Android SDK found at /home/babak/.buildozer/android/platform/android-sdk
# Recommended android's NDK version by p4a is: 28c
# Android NDK is missing, downloading
# Downloading https://dl.google.com/android/repository/android-ndk-r28c-linux.zip
Traceback (most recent call last):
  File "/home/babak/.local/bin/buildozer", line 6, in <module>
    sys.exit(main())
  File "/home/babak/.local/lib/python3.10/site-packages/buildozer/scripts/client.py", line 16, in main
    Buildozer().run_command(sys.argv[1:])
  File "/home/babak/.local/lib/python3.10/site-packages/buildozer/__init__.py", line 684, in run_command
    self.target.run_commands(args)
  File "/home/babak/.local/lib/python3.10/site-packages/buildozer/target.py", line 96, in run_commands
    func(args)
  File "/home/babak/.local/lib/python3.10/site-packages/buildozer/targets/android.py", line 1015, in cmd_debug
    super().cmd_debug(*args)
  File "/home/babak/.local/lib/python3.10/site-packages/buildozer/target.py", line 106, in cmd_debug
    self.buildozer.prepare_for_build()
  File "/home/babak/.local/lib/python3.10/site-packages/buildozer/__init__.py", line 91, in prepare_for_build
    self.target.install_platform()
  File "/home/babak/.local/lib/python3.10/site-packages/buildozer/targets/android.py", line 655, in install_platform
    self._install_android_ndk()
  File "/home/babak/.local/lib/python3.10/site-packages/buildozer/targets/android.py", line 473, in _install_android_ndk
    buildops.download(url,
  File "/home/babak/.local/lib/python3.10/site-packages/buildozer/buildops.py", line 416, in download
    with urlopen(request) as response:
  File "/usr/lib/python3.10/urllib/request.py", line 216, in urlopen
    return opener.open(url, data, timeout)
  File "/usr/lib/python3.10/urllib/request.py", line 525, in open
    response = meth(req, response)
  File "/usr/lib/python3.10/urllib/request.py", line 634, in http_response
    response = self.parent.error(
  File "/usr/lib/python3.10/urllib/request.py", line 563, in error
    return self._call_chain(*args)
  File "/usr/lib/python3.10/urllib/request.py", line 496, in _call_chain
    result = func(*args)
  File "/usr/lib/python3.10/urllib/request.py", line 643, in http_error_default
    raise HTTPError(req.full_url, code, msg, hdrs, fp)
urllib.error.HTTPError: HTTP Error 404: Not Found
