[16:14:45] === CONFIGURING BUILD ENVIRONMENT ===
[16:14:45] P4A_SOURCE_DIR: /home/babak/abg_analyzer_pro/.buildozer/android/platform/python-for-android
[16:14:45] PYTHONPATH: /home/babak/abg_analyzer_pro/.buildozer/android/platform/python-for-android
[16:14:45] P4A_OPENSSL_DIR: /home/babak/p4a-local/openssl
[16:14:45] === OPENSSL CACHE PREPARATION ===
[16:14:45] CREATING LOCAL OPENSSL ARCHIVE
[16:14:45] $ tar -czf /home/babak/p4a-local/openssl-1.1.1w.tar.gz -C /home/babak/p4a-local openssl
[16:14:49] LOCAL OPENSSL ARCHIVE CREATED: /home/babak/p4a-local/openssl-1.1.1w.tar.gz
[16:14:49] P4A PACKAGES PATH: /home/babak/abg_analyzer_pro/.buildozer/android/platform/build-arm64-v8a/packages
[16:14:49] SEEDING OPENSSL CACHE: /home/babak/abg_analyzer_pro/.buildozer/android/platform/build-arm64-v8a/packages/openssl/openssl-1.1.1w.tar.gz
[16:14:49] OPENSSL ARCHIVE: /home/babak/abg_analyzer_pro/.buildozer/android/platform/build-arm64-v8a/packages/openssl/openssl-1.1.1w.tar.gz
[16:14:49] OPENSSL MARKER: /home/babak/abg_analyzer_pro/.buildozer/android/platform/build-arm64-v8a/packages/openssl/.mark-openssl-1.1.1w.tar.gz
[16:14:49] OPENSSL CACHE: READY
[16:14:49] === P4A PREFLIGHT ===
[16:14:49] $ /home/babak/ube/.venv/bin/python3 -c 
import os
import sys

print("PYTHON:", sys.executable)
print("P4A_OPENSSL_DIR:", os.environ.get("P4A_OPENSSL_DIR"))
print("P4A_SOURCE_DIR:", os.environ.get("P4A_SOURCE_DIR"))

try:
    import pythonforandroid
    import pythonforandroid.recipe

    print("P4A PACKAGE:", pythonforandroid.__file__)
    print("P4A RECIPE:", pythonforandroid.recipe.__file__)

except Exception as exc:
    print("P4A IMPORT ERROR:", repr(exc))
    sys.exit(2)

PYTHON: /home/babak/ube/.venv/bin/python3
P4A_OPENSSL_DIR: /home/babak/p4a-local/openssl
P4A_SOURCE_DIR: /home/babak/abg_analyzer_pro/.buildozer/android/platform/python-for-android
P4A PACKAGE: /home/babak/abg_analyzer_pro/.buildozer/android/platform/python-for-android/pythonforandroid/__init__.py
P4A RECIPE: /home/babak/abg_analyzer_pro/.buildozer/android/platform/python-for-android/pythonforandroid/recipe.py
[16:14:49] P4A PREFLIGHT: OK
